// Jest Snapshot v1, https://goo.gl/fbAQLP

exports[`Resolver Query expandUrl should return expanded url for valid short url 1`] = `
Object {
  "expandUrl": Object {
    "originalUrl": "https://google.com/1",
    "shortId": "4AItBPXz",
  },
}
`;

exports[`Resolver Query expandUrl should return expanded url for valid short url shared with the user 1`] = `
Object {
  "expandUrl": Object {
    "originalUrl": "https://google.com/1",
    "shortId": "4AItBPXz",
  },
}
`;

exports[`Resolver Query login should return token for authenticated user 1`] = `"5e4dcdfcc76d441afd3d29d6"`;

exports[`Resolver Query me should have correct query 1`] = `
Object {
  "me": Object {
    "emailAddress": "foo@bar.com",
    "name": "foobar",
    "shortIds": Array [
      Object {
        "originalUrl": "https://google.com/1",
        "shortId": "4AItBPXz",
      },
      Object {
        "originalUrl": "https://google.com/2",
        "shortId": "td1sQf8B",
      },
    ],
    "userId": "5e4dcdfcc76d441afd3d29d6",
  },
}
`;

exports[`Resolver Query query.expandUrl should return expanded url for valid short url 1`] = `
Object {
  "expandUrl": Object {
    "originalUrl": "https://google.com/1",
    "shortId": "4AItBPXz",
  },
}
`;

exports[`Resolver Query query.expandUrl should return expanded url for valid short url shared with the user 1`] = `
Object {
  "expandUrl": Object {
    "originalUrl": "https://google.com/1",
    "shortId": "4AItBPXz",
  },
}
`;

exports[`Resolver Query query.login should return token for authenticated user 1`] = `"5e4dcdfcc76d441afd3d29d6"`;

exports[`Resolver Query query.me should have correct query 1`] = `
Object {
  "me": Object {
    "emailAddress": "foo@bar.com",
    "name": "foobar",
    "shortIds": Array [
      Object {
        "originalUrl": "https://google.com/1",
        "shortId": "4AItBPXz",
      },
      Object {
        "originalUrl": "https://google.com/2",
        "shortId": "td1sQf8B",
      },
    ],
    "userId": "5e4dcdfcc76d441afd3d29d6",
  },
}
`;

exports[`Resolver query.expandUrl should return expanded url for valid short url 1`] = `
Object {
  "expandUrl": Object {
    "originalUrl": "https://google.com/1",
    "shortId": "4AItBPXz",
  },
}
`;

exports[`Resolver query.expandUrl should return expanded url for valid short url shared with the user 1`] = `
Object {
  "expandUrl": Object {
    "originalUrl": "https://google.com/1",
    "shortId": "4AItBPXz",
  },
}
`;

exports[`Resolver query.login should return token for authenticated user 1`] = `"5e4dcdfcc76d441afd3d29d6"`;

exports[`Resolver query.me should have correct query 1`] = `
Object {
  "me": Object {
    "emailAddress": "foo@bar.com",
    "name": "foobar",
    "shortIds": Array [
      Object {
        "originalUrl": "https://google.com/1",
        "shortId": "4AItBPXz",
      },
      Object {
        "originalUrl": "https://google.com/2",
        "shortId": "td1sQf8B",
      },
    ],
    "userId": "5e4dcdfcc76d441afd3d29d6",
  },
}
`;
